Comparing templates in job/3 with OCP namespace {{ .Project }}.
Limiting resources to job.
Found 1 resource in OCP cluster (current state) and 0 resources in processed templates (desired state).

- job/pi to delete
--- Current State (OpenShift cluster)
+++ Desired State (Processed template)
@@ -1,40 +1 @@
-apiVersion: batch/v1
-kind: Job
-metadata:
-  annotations:
-    kubectl.kubernetes.io/last-applied-configuration: |
-      {"apiVersion":"batch/v1","kind":"Job","metadata":{"annotations":{},"labels":{"job-name":"pi"},"name":"pi","namespace":"{{ .Project }}"},"spec":{"backoffLimit":5,"completions":1,"parallelism":1,"selector":{"matchLabels":{"job-name":"pi"}},"template":{"metadata":{"labels":{"job-name":"pi"},"name":"pi"},"spec":{"containers":[{"command":["perl","-Mbignum=bpi","-wle","print bpi(2000)"],"image":"perl","imagePullPolicy":"Always","name":"pi","resources":{},"terminationMessagePath":"/dev/termination-log","terminationMessagePolicy":"File"}],"dnsPolicy":"ClusterFirst","restartPolicy":"OnFailure","schedulerName":"default-scheduler","securityContext":{},"terminationGracePeriodSeconds":30}}}}
-  labels:
-    job-name: pi
-  name: pi
-spec:
-  backoffLimit: 5
-  completions: 1
-  parallelism: 1
-  selector:
-    matchLabels:
-      job-name: pi
-  template:
-    metadata:
-      labels:
-        job-name: pi
-      name: pi
-    spec:
-      containers:
-      - command:
-        - perl
-        - -Mbignum=bpi
-        - -wle
-        - print bpi(2000)
-        image: perl
-        imagePullPolicy: Always
-        name: pi
-        resources: {}
-        terminationMessagePath: /dev/termination-log
-        terminationMessagePolicy: File
-      dnsPolicy: ClusterFirst
-      restartPolicy: OnFailure
-      schedulerName: default-scheduler
-      securityContext: {}
-      terminationGracePeriodSeconds: 30
 

Summary: 0 in sync, 0 to create, 0 to update, 1 to delete

Deleting job/pi ... done
