Comparing templates in imagestream/0 with OCP namespace {{ .Project }}.
Limiting resources to is.
Found 0 resources in OCP cluster (current state) and 1 resource in processed templates (desired state).

+ is/foo to create
--- Current State (OpenShift cluster)
+++ Desired State (Processed template)
@@ -1 +1,8 @@
+apiVersion: image.openshift.io/v1
+kind: ImageStream
+metadata:
+  name: foo
+spec:
+  lookupPolicy:
+    local: false
 

Summary: 0 in sync, 1 to create, 0 to update, 0 to delete

Creating is/foo ... done
