Comparing templates in secret/1 with OCP namespace {{ .Project }}.
Limiting resources to secret.
Found 1 resource in OCP cluster (current state) and 1 resource in processed templates (desired state).

~ secret/foo to update
--- Current State (OpenShift cluster)
+++ Desired State (Processed template)
@@ -1,6 +1,6 @@
 apiVersion: v1
 data:
-  token: czNjcjN0
+  token: Z2VIM2lt
 kind: Secret
 metadata:
   annotations: {}

Summary: 0 in sync, 0 to create, 1 to update, 0 to delete

Updating secret/foo ... done
