Comparing templates in manual-change/1 with OCP namespace {{ .Project }}.
Limiting resources to cm/foo.
Found 1 resource in OCP cluster (current state) and 1 resource in processed templates (desired state).

~ cm/foo to update
--- Current State (OpenShift cluster)
+++ Desired State (Processed template)
@@ -1,6 +1,6 @@
 apiVersion: v1
 data:
-  bar: qux
+  bar: baz
 kind: ConfigMap
 metadata:
   annotations: {}

Summary: 0 in sync, 0 to create, 1 to update, 0 to delete

