apiVersion: template.openshift.io/v1
kind: Template
objects: []
