Comparing templates in imagestream/3 with OCP namespace {{ .Project }}.
Limiting resources to is.
Found 1 resource in OCP cluster (current state) and 0 resources in processed templates (desired state).

- is/foo to delete
--- Current State (OpenShift cluster)
+++ Desired State (Processed template)
@@ -1,13 +1 @@
-apiVersion: image.openshift.io/v1
-kind: ImageStream
-metadata:
-  annotations:
-    kubectl.kubernetes.io/last-applied-configuration: |
-      {"apiVersion":"image.openshift.io/v1","kind":"ImageStream","metadata":{"annotations":{},"labels":{"app":"foo"},"name":"foo","namespace":"{{ .Project }}"},"spec":{"lookupPolicy":{"local":false}}}
-  labels:
-    app: foo
-  name: foo
-spec:
-  lookupPolicy:
-    local: false
 

Summary: 0 in sync, 0 to create, 0 to update, 1 to delete

Deleting is/foo ... done
