Comparing templates in route/0 with OCP namespace {{ .Project }}.
Limiting resources to route.
Found 0 resources in OCP cluster (current state) and 1 resource in processed templates (desired state).

+ route/foo to create
--- Current State (OpenShift cluster)
+++ Desired State (Processed template)
@@ -1 +1,15 @@
+apiVersion: route.openshift.io/v1
+kind: Route
+metadata:
+  name: foo
+spec:
+  host: foo-{{ .Project }}.example.com
+  tls:
+    insecureEdgeTerminationPolicy: Redirect
+    termination: edge
+  to:
+    kind: Service
+    name: foo
+    weight: 100
+  wildcardPolicy: None
 

Summary: 0 in sync, 1 to create, 0 to update, 0 to delete

Creating route/foo ... done
