Comparing templates in selector/0 with OCP namespace {{ .Project }}.
Limiting to resources with selector app=foo.
Found 0 resources in OCP cluster (current state) and 2 resources in processed templates (desired state).

+ cm/foo to create
--- Current State (OpenShift cluster)
+++ Desired State (Processed template)
@@ -1 +1,9 @@
+apiVersion: v1
+data:
+  bar: baz
+kind: ConfigMap
+metadata:
+  labels:
+    app: foo
+  name: foo
 
+ svc/foo to create
--- Current State (OpenShift cluster)
+++ Desired State (Processed template)
@@ -1 +1,17 @@
+apiVersion: v1
+kind: Service
+metadata:
+  labels:
+    app: foo
+  name: foo
+spec:
+  ports:
+  - name: web
+    port: 80
+    protocol: TCP
+    targetPort: 8080
+  selector:
+    name: foo
+  sessionAffinity: None
+  type: ClusterIP
 

Summary: 0 in sync, 2 to create, 0 to update, 0 to delete

Creating cm/foo ... done
Creating svc/foo ... done
