Comparing templates in route/2 with OCP namespace {{ .Project }}.
Limiting resources to route.
Found 1 resource in OCP cluster (current state) and 0 resources in processed templates (desired state).

No items where found in desired state. Possible reasons are:
* No templates are located in route/2
* No templates contain resources of kinds: route

Refusing to continue without --force
