Comparing templates in job/1 with OCP namespace {{ .Project }}.
Limiting resources to job.
Found 1 resource in OCP cluster (current state) and 1 resource in processed templates (desired state).

~ job/pi to update
--- Current State (OpenShift cluster)
+++ Desired State (Processed template)
@@ -6,7 +6,7 @@
     job-name: pi
   name: pi
 spec:
-  backoffLimit: 6
+  backoffLimit: 5
   completions: 1
   parallelism: 1
   selector:

Summary: 0 in sync, 0 to create, 1 to update, 0 to delete

Updating job/pi ... done
