Comparing templates in secret/0 with OCP namespace {{ .Project }}.
Limiting resources to secret.
Found 0 resources in OCP cluster (current state) and 1 resource in processed templates (desired state).

+ secret/foo to create
--- Current State (OpenShift cluster)
+++ Desired State (Processed template)
@@ -1 +1,8 @@
+apiVersion: v1
+data:
+  token: czNjcjN0
+kind: Secret
+metadata:
+  name: foo
+type: opaque
 

Summary: 0 in sync, 1 to create, 0 to update, 0 to delete

Creating secret/foo ... done
