Comparing templates in secret/3 with OCP namespace {{ .Project }}.
Limiting resources to secret.
Found 1 resource in OCP cluster (current state) and 0 resources in processed templates (desired state).

- secret/foo to delete
--- Current State (OpenShift cluster)
+++ Desired State (Processed template)
@@ -1,11 +1 @@
-apiVersion: v1
-data:
-  token: Z2VIM2lt
-kind: Secret
-metadata:
-  annotations:
-    kubectl.kubernetes.io/last-applied-configuration: |
-      {"apiVersion":"v1","data":{"token":"Z2VIM2lt"},"kind":"Secret","metadata":{"annotations":{},"name":"foo","namespace":"{{ .Project }}"},"type":"opaque"}
-  name: foo
-type: opaque
 

Summary: 0 in sync, 0 to create, 0 to update, 1 to delete

Deleting secret/foo ... done
