Comparing templates in selector/2 with OCP namespace {{ .Project }}.
Limiting to resources with selector app=foo.
Found 2 resources in OCP cluster (current state) and 2 resources in processed templates (desired state).

* cm/foo is in sync
* svc/foo is in sync

Summary: 2 in sync, 0 to create, 0 to update, 0 to delete

