Comparing templates in buildconfig/3 with OCP namespace {{ .Project }}.
Limiting resources to bc.
Found 1 resource in OCP cluster (current state) and 0 resources in processed templates (desired state).

- bc/foo to delete
--- Current State (OpenShift cluster)
+++ Desired State (Processed template)
@@ -1,42 +1 @@
-apiVersion: build.openshift.io/v1
-kind: BuildConfig
-metadata:
-  annotations:
-    kubectl.kubernetes.io/last-applied-configuration: |
-      {"apiVersion":"build.openshift.io/v1","kind":"BuildConfig","metadata":{"annotations":{},"name":"foo","namespace":"{{ .Project }}"},"spec":{"failedBuildsHistoryLimit":5,"nodeSelector":null,"output":{"to":{"kind":"ImageStreamTag","name":"foo:latest"}},"postCommit":{},"resources":{"limits":{"cpu":"1","memory":"256Mi"},"requests":{"cpu":"500m","memory":"128Mi"}},"runPolicy":"Serial","source":{"contextDir":"baz","git":{"ref":"master","uri":"https://github.com/opendevstack/tailor.git"},"sourceSecret":{"name":"token"},"type":"Git"},"strategy":{"dockerStrategy":{"buildArgs":[{"name":"foo","value":"bar"}],"forcePull":true,"noCache":true},"type":"Docker"},"successfulBuildsHistoryLimit":5,"triggers":[]}}
-  name: foo
-spec:
-  failedBuildsHistoryLimit: 5
-  nodeSelector: null
-  output:
-    to:
-      kind: ImageStreamTag
-      name: foo:latest
-  postCommit: {}
-  resources:
-    limits:
-      cpu: "1"
-      memory: 256Mi
-    requests:
-      cpu: 500m
-      memory: 128Mi
-  runPolicy: Serial
-  source:
-    contextDir: baz
-    git:
-      ref: master
-      uri: https://github.com/opendevstack/tailor.git
-    sourceSecret:
-      name: token
-    type: Git
-  strategy:
-    dockerStrategy:
-      buildArgs:
-      - name: foo
-        value: bar
-      forcePull: true
-      noCache: true
-    type: Docker
-  successfulBuildsHistoryLimit: 5
-  triggers: []
 

Summary: 0 in sync, 0 to create, 0 to update, 1 to delete

Deleting bc/foo ... done
