Comparing templates in service/3 with OCP namespace {{ .Project }}.
Limiting resources to svc.
Found 1 resource in OCP cluster (current state) and 0 resources in processed templates (desired state).

- svc/foo to delete
--- Current State (OpenShift cluster)
+++ Desired State (Processed template)
@@ -1,18 +1 @@
-apiVersion: v1
-kind: Service
-metadata:
-  annotations:
-    kubectl.kubernetes.io/last-applied-configuration: |
-      {"apiVersion":"v1","kind":"Service","metadata":{"annotations":{},"name":"foo","namespace":"{{ .Project }}"},"spec":{"ports":[{"name":"8080-tcp","port":8080,"protocol":"TCP","targetPort":8080}],"selector":{"bar":"qux"},"sessionAffinity":"None","type":"ClusterIP"}}
-  name: foo
-spec:
-  ports:
-  - name: 8080-tcp
-    port: 8080
-    protocol: TCP
-    targetPort: 8080
-  selector:
-    bar: qux
-  sessionAffinity: None
-  type: ClusterIP
 

Summary: 0 in sync, 0 to create, 0 to update, 1 to delete

Deleting svc/foo ... done
