Comparing templates in route/1 with OCP namespace {{ .Project }}.
Limiting resources to route.
Found 1 resource in OCP cluster (current state) and 1 resource in processed templates (desired state).

~ route/foo to update
--- Current State (OpenShift cluster)
+++ Desired State (Processed template)
@@ -6,7 +6,7 @@
 spec:
   host: foo-{{ .Project }}.example.com
   tls:
-    insecureEdgeTerminationPolicy: Redirect
+    insecureEdgeTerminationPolicy: None
     termination: edge
   to:
     kind: Service

Summary: 0 in sync, 0 to create, 1 to update, 0 to delete

Updating route/foo ... done
