Comparing templates in buildconfig/1 with OCP namespace {{ .Project }}.
Limiting resources to bc.
Found 1 resource in OCP cluster (current state) and 1 resource in processed templates (desired state).

~ bc/foo to update
--- Current State (OpenShift cluster)
+++ Desired State (Processed template)
@@ -20,6 +20,7 @@
       memory: 128Mi
   runPolicy: Serial
   source:
+    contextDir: baz
     git:
       ref: master
       uri: https://github.com/opendevstack/tailor.git

Summary: 0 in sync, 0 to create, 1 to update, 0 to delete

Updating bc/foo ... done
