Comparing templates in deploymentconfig/0 with OCP namespace {{ .Project }}.
Limiting resources to dc,secret.
Found 0 resources in OCP cluster (current state) and 2 resources in processed templates (desired state).

+ secret/foo-user to create
Secret drift is hidden. Use --reveal-secrets to see details.
+ dc/foo to create
--- Current State (OpenShift cluster)
+++ Desired State (Processed template)
@@ -1 +1,81 @@
+apiVersion: apps.openshift.io/v1
+kind: DeploymentConfig
+metadata:
+  labels:
+    app: foo
+  name: foo
+spec:
+  replicas: 1
+  revisionHistoryLimit: 10
+  selector:
+    app: foo
+  strategy:
+    activeDeadlineSeconds: 21600
+    resources: {}
+    rollingParams:
+      intervalSeconds: 1
+      maxSurge: 25%
+      maxUnavailable: 25%
+      timeoutSeconds: 600
+      updatePeriodSeconds: 1
+    type: Rolling
+  template:
+    metadata:
+      labels:
+        app: foo
+    spec:
+      containers:
+      - env:
+        - name: FOO
+          value: abc
+        - name: QUX
+          valueFrom:
+            secretKeyRef:
+              key: username
+              name: foo-user
+        - name: BAZ
+          value: http://baz.{{ .Project }}.svc:8080/
+        image: docker-registry.default.svc:5000/{{ .Project }}/foo:latest
+        imagePullPolicy: Always
+        livenessProbe:
+          failureThreshold: 3
+          httpGet:
+            path: /health
+            port: 8080
+            scheme: HTTP
+          initialDelaySeconds: 6
+          periodSeconds: 10
+          successThreshold: 1
+          timeoutSeconds: 3
+        name: foo
+        ports:
+        - containerPort: 8080
+          protocol: TCP
+        readinessProbe:
+          failureThreshold: 3
+          httpGet:
+            path: /health
+            port: 8080
+            scheme: HTTP
+          initialDelaySeconds: 3
+          periodSeconds: 10
+          successThreshold: 1
+          timeoutSeconds: 3
+        resources:
+          limits:
+            cpu: 100m
+            memory: 128Mi
+          requests:
+            cpu: 50m
+            memory: 128Mi
+        terminationMessagePath: /dev/termination-log
+        terminationMessagePolicy: File
+      dnsPolicy: ClusterFirst
+      restartPolicy: Always
+      schedulerName: default-scheduler
+      securityContext: {}
+      terminationGracePeriodSeconds: 30
+  test: false
+  triggers:
+  - type: ConfigChange
 

Summary: 0 in sync, 2 to create, 0 to update, 0 to delete

Creating secret/foo-user ... done
Creating dc/foo ... done
