Comparing templates in route/3 with OCP namespace {{ .Project }}.
Limiting resources to route.
Found 1 resource in OCP cluster (current state) and 0 resources in processed templates (desired state).

- route/foo to delete
--- Current State (OpenShift cluster)
+++ Desired State (Processed template)
@@ -1,18 +1 @@
-apiVersion: route.openshift.io/v1
-kind: Route
-metadata:
-  annotations:
-    kubectl.kubernetes.io/last-applied-configuration: |
-      {"apiVersion":"route.openshift.io/v1","kind":"Route","metadata":{"annotations":{},"name":"foo","namespace":"{{ .Project }}"},"spec":{"host":"foo-{{ .Project }}.example.com","tls":{"insecureEdgeTerminationPolicy":"None","termination":"edge"},"to":{"kind":"Service","name":"foo","weight":100},"wildcardPolicy":"None"}}
-  name: foo
-spec:
-  host: foo-{{ .Project }}.example.com
-  tls:
-    insecureEdgeTerminationPolicy: None
-    termination: edge
-  to:
-    kind: Service
-    name: foo
-    weight: 100
-  wildcardPolicy: None
 

Summary: 0 in sync, 0 to create, 0 to update, 1 to delete

Deleting route/foo ... done
