Comparing templates in buildconfig/0 with OCP namespace {{ .Project }}.
Limiting resources to bc.
Found 0 resources in OCP cluster (current state) and 1 resource in processed templates (desired state).

+ bc/foo to create
--- Current State (OpenShift cluster)
+++ Desired State (Processed template)
@@ -1 +1,38 @@
+apiVersion: build.openshift.io/v1
+kind: BuildConfig
+metadata:
+  name: foo
+spec:
+  failedBuildsHistoryLimit: 5
+  nodeSelector: null
+  output:
+    to:
+      kind: ImageStreamTag
+      name: foo:latest
+  postCommit: {}
+  resources:
+    limits:
+      cpu: "1"
+      memory: 256Mi
+    requests:
+      cpu: 500m
+      memory: 128Mi
+  runPolicy: Serial
+  source:
+    git:
+      ref: master
+      uri: https://github.com/opendevstack/tailor.git
+    sourceSecret:
+      name: token
+    type: Git
+  strategy:
+    dockerStrategy:
+      buildArgs:
+      - name: foo
+        value: bar
+      forcePull: true
+      noCache: true
+    type: Docker
+  successfulBuildsHistoryLimit: 5
+  triggers: []
 

Summary: 0 in sync, 1 to create, 0 to update, 0 to delete

Creating bc/foo ... done
